// Jest Snapshot v1, https://goo.gl/fbAQLP

exports[`LOGIN should render the component correctly 1`] = `
<DocumentFragment>
  <div>
    <div
      class="wrapper"
      id="wrapper"
    >
      <nav
        id="nav_black"
      >
        <div
          class="menu-icon"
          id="icon"
        >
          <i
            class="fa fa-bars fa-4x"
          />
        </div>
        <a
          href="/"
        >
          <div
            class="logo"
          >
            Phantom
          </div>
        </a>
        <div
          class="menu"
        >
          <ul
            class="hide"
            id="nav_ul"
          >
            <li>
              <a
                class="header__menu__item"
              >
                About Us
              </a>
            </li>
            <li>
              <a
                class="header__menu__item"
              >
                Contact Us
              </a>
            </li>
            <li>
              <a
                class="header__menu__item"
                duration="1000"
                href="/login"
              >
                <i
                  aria-hidden="true"
                  class="fa fa-user"
                />
                Login
              </a>
            </li>
            <li>
              <select
                class="header__menu__select"
                name="Languages"
              >
                <option
                  value="true"
                >
                  English
                </option>
                <option
                  value="true"
                >
                  French
                </option>
                <option
                  value="true"
                >
                  Kinyarwanda
                </option>
              </select>
            </li>
          </ul>
        </div>
      </nav>
    </div>
    <div
      class="loginPage"
    >
      <div
        class="div2"
      >
        <a
          href="/"
        >
          <div>
            <img
              class="cancel"
              src="https://upload.wikimedia.org/wikipedia/commons/thumb/4/49/Multiplication_Sign.svg/1024px-Multiplication_Sign.svg.png"
            />
          </div>
        </a>
        <br />
        <br />
        <p
          style="color: green; display: none;"
        >
          Loading..., please wait!
        </p>
         
        <br />
         
        <br />
        <form
          id="form"
        >
          <h1>
            Login
          </h1>
          <span
            style="color: red;"
          />
          <br />
           
          <br />
          <label
            for=""
            id="email"
          >
            Email
          </label>
          <br />
          <span
            style="color: red;"
          />
          <input
            aria-label="email"
            id="aria-1"
            name="email"
            placeholder="email"
            type="email"
          />
          <br />
           
          <br />
          <br />
          <label
            for=""
            id="password"
          >
            Password
          </label>
          <br />
          <span
            style="color: red;"
          />
          <input
            aria-label="password"
            id="aria-2"
            name="password"
            placeholder="password"
            type="password"
          />
          <a
            href="/resetPassword"
          >
            <div>
              <label
                style="color: Blue;"
              >
                Forgot password?
              </label>
            </div>
          </a>
          <button
            aria-label="login"
            class="button"
            type="submit"
            value="LOGIN"
          >
            <h2>
              Login
            </h2>
          </button>
          <br />
           
          <br />
        </form>
      </div>
    </div>
  </div>
</DocumentFragment>
`;
